// Jest Snapshot v1, https://goo.gl/fbAQLP

exports[`moveText ends with a selection at the target when moving text back 1`] = `
Object {
  "anchorKey": "a",
  "anchorOffset": 11,
  "focusKey": "a",
  "focusOffset": 11,
  "hasFocus": true,
  "isBackward": false,
}
`;

exports[`moveText moves a portion of a line selected backward to the back of the same block 1`] = `
Object {
  "characterList": Array [
    Object {
      "entity": null,
      "style": Array [],
    },
    Object {
      "entity": null,
      "style": Array [],
    },
    Object {
      "entity": null,
      "style": Array [],
    },
    Object {
      "entity": null,
      "style": Array [],
    },
    Object {
      "entity": null,
      "style": Array [],
    },
    Object {
      "entity": null,
      "style": Array [],
    },
    Object {
      "entity": null,
      "style": Array [],
    },
    Object {
      "entity": null,
      "style": Array [],
    },
    Object {
      "entity": null,
      "style": Array [],
    },
    Object {
      "entity": null,
      "style": Array [],
    },
    Object {
      "entity": null,
      "style": Array [],
    },
    Object {
      "entity": null,
      "style": Array [],
    },
    Object {
      "entity": null,
      "style": Array [],
    },
    Object {
      "entity": null,
      "style": Array [],
    },
    Object {
      "entity": null,
      "style": Array [],
    },
  ],
  "data": Object {},
  "depth": 0,
  "key": "a",
  "text": "foo bazbar  foo",
  "type": "unstyled",
}
`;

exports[`moveText moves a portion of a line selected forward to the back of the same block 1`] = `
Object {
  "characterList": Array [
    Object {
      "entity": null,
      "style": Array [],
    },
    Object {
      "entity": null,
      "style": Array [],
    },
    Object {
      "entity": null,
      "style": Array [],
    },
    Object {
      "entity": null,
      "style": Array [],
    },
    Object {
      "entity": null,
      "style": Array [],
    },
    Object {
      "entity": null,
      "style": Array [],
    },
    Object {
      "entity": null,
      "style": Array [],
    },
    Object {
      "entity": null,
      "style": Array [],
    },
    Object {
      "entity": null,
      "style": Array [],
    },
    Object {
      "entity": null,
      "style": Array [],
    },
    Object {
      "entity": null,
      "style": Array [],
    },
    Object {
      "entity": null,
      "style": Array [],
    },
    Object {
      "entity": null,
      "style": Array [],
    },
    Object {
      "entity": null,
      "style": Array [],
    },
    Object {
      "entity": null,
      "style": Array [],
    },
  ],
  "data": Object {},
  "depth": 0,
  "key": "a",
  "text": "foo bazbar  foo",
  "type": "unstyled",
}
`;

exports[`moveText moves a portion of a line to the front of the same block 1`] = `
Object {
  "characterList": Array [
    Object {
      "entity": null,
      "style": Array [],
    },
    Object {
      "entity": null,
      "style": Array [],
    },
    Object {
      "entity": null,
      "style": Array [],
    },
    Object {
      "entity": null,
      "style": Array [],
    },
    Object {
      "entity": null,
      "style": Array [],
    },
    Object {
      "entity": null,
      "style": Array [],
    },
    Object {
      "entity": null,
      "style": Array [],
    },
    Object {
      "entity": null,
      "style": Array [],
    },
    Object {
      "entity": null,
      "style": Array [],
    },
    Object {
      "entity": null,
      "style": Array [],
    },
    Object {
      "entity": null,
      "style": Array [],
    },
    Object {
      "entity": null,
      "style": Array [],
    },
    Object {
      "entity": null,
      "style": Array [],
    },
    Object {
      "entity": null,
      "style": Array [],
    },
    Object {
      "entity": null,
      "style": Array [],
    },
  ],
  "data": Object {},
  "depth": 0,
  "key": "a",
  "text": "foo bazbar  foo",
  "type": "unstyled",
}
`;
